counterexample hunt, 9..13 vertices

     conj   n  best margin   verdict
      141   9          0.0
      141  10         -0.5
      141  11         -0.5
      141  12         -0.5
      141  13         -0.5
      142   9          0.0
      142  10          0.0
      142  11          0.0
      142  12         -1.0
      142  13         -1.0
      144   9            0
      144  10            0
      144  11           -1
      144  12           -1
      144  13           -1
      145   9            0
      145  10            0
      145  11            0
      145  12            0
      145  13            0
      133   9            0
      133  10           -1
      133  11            0
      133  12           -1
      133  13           -1
